// Jest Snapshot v1, https://goo.gl/fbAQLP

exports[`should render addexpense page 1`] = `
<div>
  <h1>
    Add an Expense
  </h1>
  <ExpenseForm
    onSubmit={[Function]}
  />
</div>
`;
