// Jest Snapshot v1, https://goo.gl/fbAQLP

exports[`should render expenselist with expenses 1`] = `
<div>
  <h1>
     Expense List
  </h1>
  <ExpsenseListItem
    amount={12000}
    createdAt={0}
    description="water bill"
    id="1"
    key="1"
    note=""
  />
  <ExpsenseListItem
    amount={83300}
    createdAt={-345600000}
    description="gas bill"
    id="2"
    key="2"
    note=""
  />
  <ExpsenseListItem
    amount={823300}
    createdAt={345600000}
    description="electicity bill"
    id="3"
    key="3"
    note=""
  />
</div>
`;

exports[`should render expenselist with no expenses 1`] = `
<div>
  <h1>
     Expense List
  </h1>
  <p>
    no expense logged
  </p>
</div>
`;
