// Jest Snapshot v1, https://goo.gl/fbAQLP

exports[`should render error page 1`] = `
<div>
  <h1>
    ERROR 404!
  </h1>
  <h3>
    PAGE NOT FOUND
  </h3>
  <Link
    replace={false}
    to="/"
  >
    Back to Dashboard
  </Link>
</div>
`;
